[15:50:20.667] [INFO] storybook v10.5.10
[15:50:20.970] [DEBUG] Getting package.json info for /Users/leighgordy/workspace/simple-component-library/package.json...
[15:50:20.971] [WARN] You are currently using Storybook [1m10.5.10[22m but you have packages which are incompatible with it:

- @storybook/addon-essentials@8.6.14 which depends on 8.6.14
 Repo: https://github.com/storybookjs/storybook/tree/next/code/addons/essentials

Please consider updating your packages or contacting the maintainers for compatibility details.

For more details on compatibility guidance, see:
https://github.com/storybookjs/storybook/issues/32836
[15:50:21.170] [DEBUG] Could not determine @babel/preset-env version in use. In case of runtime errors with @babel/preset-env, you may need to set the babelRemoveBugfixes feature flag in your `main.ts` file.
[15:50:21.334] [INFO] Starting...
[15:50:21.407] [ERROR] [38;2;241;97;97mSB_CORE-SERVER_0004 (NoMatchingExportError): There was an exports mismatch error when trying to build Storybook.
Please check whether the versions of your Storybook packages match whenever possible, as this might be the cause.

Problematic example:
{ "@storybook/react": "7.5.3", "@storybook/react-vite": "7.4.5", "storybook": "7.3.0" }

Correct example:
{ "@storybook/react": "7.5.3", "@storybook/react-vite": "7.5.3", "storybook": "7.5.3" }

Please run `npx storybook doctor` for guidance on how to fix this issue.

More info: 
[39m
    at buildOrThrow (file://./node_modules/storybook/dist/core-server/index.js:8336:9)
    at process.processTicksAndRejections (node:internal/process/task_queues:104:5)
    at async buildDevStandalone (file://./node_modules/storybook/dist/core-server/index.js:11990:41)
    at async withTelemetry (file://./node_modules/storybook/dist/_node-chunks/chunk-QEFGZ2NZ.js:1889:12)
    at async dev (file://./node_modules/storybook/dist/bin/core.js:3850:3)
    at async _Command.<anonymous> (file://./node_modules/storybook/dist/bin/core.js:3958:3)
[15:50:21.409] [WARN] Broken build, fix the error above.
You may need to refresh the browser.